https://ess.excelityglobal.com/
0049203688

  git config --global user.email "chandra16308@gmail.com"
  git config --global user.name "mouli308"

$ git version
git version 2.43.0.windows.1

Administrator@DESKTOP-BRPE7R0 MINGW64 ~/Desktop/All Programs
$ git init
Initialized empty Git repository in C:/Users/Administrator/Desktop/All Programs/.git/

Administrator@DESKTOP-BRPE7R0 MINGW64 ~/Desktop/All Programs (master)
$ git clone github.com/mouli308/Git1.git
fatal: repository 'github.com/mouli308/Git1.git' does not exist

Administrator@DESKTOP-BRPE7R0 MINGW64 ~/Desktop/All Programs (master)
$ git clone https://github.com/mouli308/Git1.git
Cloning into 'Git1'...
warning: You appear to have cloned an empty repository.

Administrator@DESKTOP-BRPE7R0 MINGW64 ~/Desktop/All Programs (master)
$ git status
On branch master

No commits yet

Untracked files:
  (use "git add <file>..." to include in what will be committed)
        Git1/

nothing added to commit but untracked files present (use "git add" to track)

Administrator@DESKTOP-BRPE7R0 MINGW64 ~/Desktop/All Programs (master)
$ cd Git1

Administrator@DESKTOP-BRPE7R0 MINGW64 ~/Desktop/All Programs/Git1 (main)
$ git status
On branch main

No commits yet

Untracked files:
  (use "git add <file>..." to include in what will be committed)
        Inroduction.txt.txt

nothing added to commit but untracked files present (use "git add" to track)

Administrator@DESKTOP-BRPE7R0 MINGW64 ~/Desktop/All Programs/Git1 (main)
$ git add .

Administrator@DESKTOP-BRPE7R0 MINGW64 ~/Desktop/All Programs/Git1 (main)
$ git add Inroduction.txt.txt

Administrator@DESKTOP-BRPE7R0 MINGW64 ~/Desktop/All Programs/Git1 (main)
$ git commit -m "Commiying java file code"
Author identity unknown

*** Please tell me who you are.

Run

  git config --global user.email "you@example.com"
  git config --global user.name "Your Name"

to set your account's default identity.
Omit --global to set the identity only in this repository.

fatal: unable to auto-detect email address (got 'Administrator@DESKTOP-BRPE7R0.(none)')

Administrator@DESKTOP-BRPE7R0 MINGW64 ~/Desktop/All Programs/Git1 (main)
$ git commit -m "Commiying java file code"
Author identity unknown

*** Please tell me who you are.

Run

  git config --global user.email "you@example.com"
  git config --global user.name "Your Name"

to set your account's default identity.
Omit --global to set the identity only in this repository.

fatal: unable to auto-detect email address (got 'Administrator@DESKTOP-BRPE7R0.(none)')

Administrator@DESKTOP-BRPE7R0 MINGW64 ~/Desktop/All Programs/Git1 (main)
$ ^[[200~  git config --global user.email "you@example.com"
bash: $'\E[200~': command not found

Administrator@DESKTOP-BRPE7R0 MINGW64 ~/Desktop/All Programs/Git1 (main)
$  git config --global user.email "chandra16308@gmail.com"
  git config --global user.name "mouli308"

Administrator@DESKTOP-BRPE7R0 MINGW64 ~/Desktop/All Programs/Git1 (main)
$ git commit -m "Commiying java file code"
[main (root-commit) 569a4fd] Commiying java file code
 1 file changed, 1 insertion(+)
 [Beate mode 100644 Inroduction.txt.txt
